exports[`test creates the expected data 1`] = `
Object {
  "aNumber": 123,
  "aString": "abc",
}
`;

exports[`test creates the expected options 1`] = `
Object {
  "computed": Object {
    "aComputedNumber": Object {
      "get": [Function],
      "set": [Function],
    },
    "aComputedNumberGetter": [Function],
    "aComputedString": Object {
      "get": [Function],
      "set": [Function],
    },
    "aComputedStringGetter": [Function],
  },
  "created": [Function],
  "data": [Function],
  "methods": Object {
    "aMethod": [Function],
    "aStringWatch": [Function],
  },
  "name": "AllInOne",
  "props": Object {
    "aNumberProp": Object {
      "required": true,
    },
    "aNumberPropWithValue": Object {
      "default": 123,
      "type": [Function],
    },
    "aStringProp": Object {
      "required": true,
    },
    "aStringPropWithValue": Object {
      "default": "abc",
      "type": [Function],
    },
  },
  "watch": Object {
    "aString": Object {
      "handler": [Function],
    },
  },
}
`;
